Component: ARM Compiler 5.06 update 6 (build 750) Tool: armlink [4d35ed]

==============================================================================

Section Cross References

    main.o(.text) refers to misc.o(.text) for NVIC_PriorityGroupConfig
    main.o(.text) refers to delay.o(.text) for delay_init
    main.o(.text) refers to usart.o(.text) for uart_init
    main.o(.text) refers to buttons.o(.text) for buttons_init
    main.o(.text) refers to lcd.o(.text) for LCD_Init
    main.o(.text) refers to usart2.o(.text) for Usart2_Init
    main.o(.text) refers to wifi.o(.text) for WiFi_ResetIO_Init
    main.o(.text) refers to millis.o(.text) for millis_init
    main.o(.text) refers to stm32f10x_gpio.o(.text) for GPIO_WriteBit
    main.o(.text) refers to gui_log_console.o(.text) for console_log
    main.o(.text) refers to cmd_parser.o(.text) for cmd_test_init
    main.o(.text) refers to memseta.o(.text) for __aeabi_memclr
    main.o(.text) refers to appconfig.o(.text) for appconfig_init
    main.o(.text) refers to led.o(.text) for led_init
    main.o(.text) refers to beep.o(.text) for buzzer_init
    main.o(.text) refers to alarm.o(.text) for alarm_init
    main.o(.text) refers to time.o(.text) for time_init
    main.o(.text) refers to pwrmgr.o(.text) for pwrmgr_init
    main.o(.text) refers to display.o(.text) for display_set
    main.o(.text) refers to mpu_task.o(.text) for mpu_updata
    main.o(.text) refers to stopwatch.o(.text) for stopwatch_update
    main.o(.text) refers to usart2.o(.bss) for Usart2_RxBuff
    main.o(.text) refers to wifi.o(.bss) for Data_buff
    main.o(.text) refers to txt_viewer.o(.bss) for txtViewer
    main.o(.text) refers to main.o(.data) for .data
    main.o(.text) refers to millis.o(.data) for milliseconds
    main.o(.text) refers to lcd.o(.bss) for oledBuffer
    main.o(.text) refers to normal.o(.text) for watchface_normal
    system_stm32f10x.o(.text) refers to system_stm32f10x.o(.data) for .data
    led.o(.text) refers to stm32f10x_rcc.o(.text) for RCC_APB2PeriphClockCmd
    led.o(.text) refers to stm32f10x_gpio.o(.text) for GPIO_PinRemapConfig
    led.o(.text) refers to millis.o(.text) for millis_get
    led.o(.text) refers to pwrmgr.o(.text) for pwrmgr_setState
    led.o(.text) refers to led.o(.data) for .data
    lcd.o(.text) refers to oled_basic.o(.text) for InitGraph
    lcd.o(.text) refers to oled_driver.o(.text) for WriteCmd
    lcd.o(.text) refers to appconfig.o(.bss) for appConfig
    lcd.o(.text) refers to lcd.o(.bss) for .bss
    beep.o(.text) refers to stm32f10x_rcc.o(.text) for RCC_APB1PeriphClockCmd
    beep.o(.text) refers to stm32f10x_gpio.o(.text) for GPIO_Init
    beep.o(.text) refers to stm32f10x_tim.o(.text) for TIM_TimeBaseInit
    beep.o(.text) refers to millis.o(.text) for millis_get
    beep.o(.text) refers to beep.o(.data) for .data
    beep.o(.text) refers to appconfig.o(.bss) for appConfig
    mpu_task.o(.text) refers to millis.o(.text) for millis_get
    mpu_task.o(.text) refers to animation.o(.text) for animation_start
    mpu_task.o(.text) refers to f2d.o(.text) for __aeabi_f2d
    mpu_task.o(.text) refers to printfa.o(i.__0sprintf) for __2sprintf
    mpu_task.o(.text) refers to draw.o(.text) for draw_string
    mpu_task.o(.text) refers to dadd.o(.text) for __aeabi_dadd
    mpu_task.o(.text) refers to d2f.o(.text) for __aeabi_d2f
    mpu_task.o(.text) refers to sin.o(i.sin) for sin
    mpu_task.o(.text) refers to dscalb.o(.text) for __ARM_scalbn
    mpu_task.o(.text) refers to dfixui.o(.text) for __aeabi_d2uiz
    mpu_task.o(.text) refers to ffixui.o(.text) for __aeabi_f2uiz
    mpu_task.o(.text) refers to display.o(.text) for display_setDrawFunc
    mpu_task.o(.text) refers to buttons.o(.text) for buttons_setFuncs
    mpu_task.o(.text) refers to menu.o(.text) for beginAnimation2
    mpu_task.o(.text) refers to lcd.o(.bss) for oledBuffer
    mpu_task.o(.text) refers to mpu_task.o(.data) for .data
    mpu_task.o(.text) refers to pwrmgr.o(.data) for keep_on
    mpu_task.o(.text) refers to mpu_task.o(.bss) for .bss
    mpu_task.o(.text) refers to main.o(.data) for mpu_err_flag
    delay.o(.text) refers to misc.o(.text) for SysTick_CLKSourceConfig
    delay.o(.text) refers to system_stm32f10x.o(.data) for SystemCoreClock
    delay.o(.text) refers to delay.o(.data) for .data
    usart.o(.text) refers to stm32f10x_rcc.o(.text) for RCC_APB2PeriphClockCmd
    usart.o(.text) refers to stm32f10x_gpio.o(.text) for GPIO_Init
    usart.o(.text) refers to misc.o(.text) for NVIC_Init
    usart.o(.text) refers to stm32f10x_usart.o(.text) for USART_Init
    usart.o(.text) refers to txt_viewer.o(.text) for txtViewer_getChar
    usart.o(.text) refers to buttons.o(.data) for key0
    usart.o(.text) refers to txt_viewer.o(.bss) for txtViewer
    usart.o(.text) refers to usart.o(.data) for .data
    startup_stm32f10x_md.o(RESET) refers to startup_stm32f10x_md.o(STACK) for __initial_sp
[...]
    GPIO_ReadOutputData                      0x08000dcd   Thumb Code     6  stm32f10x_gpio.o(.text)
    GPIO_SetBits                             0x08000dd3   Thumb Code     4  stm32f10x_gpio.o(.text)
    GPIO_ResetBits                           0x08000dd7   Thumb Code     4  stm32f10x_gpio.o(.text)
    GPIO_WriteBit                            0x08000ddb   Thumb Code    10  stm32f10x_gpio.o(.text)
    GPIO_Write                               0x08000de5   Thumb Code     4  stm32f10x_gpio.o(.text)
    GPIO_PinLockConfig                       0x08000de9   Thumb Code    16  stm32f10x_gpio.o(.text)
    GPIO_EventOutputConfig                   0x08000df9   Thumb Code    22  stm32f10x_gpio.o(.text)
    GPIO_EventOutputCmd                      0x08000e0f   Thumb Code     6  stm32f10x_gpio.o(.text)
    GPIO_PinRemapConfig                      0x08000e15   Thumb Code    82  stm32f10x_gpio.o(.text)
    GPIO_EXTILineConfig                      0x08000e67   Thumb Code    34  stm32f10x_gpio.o(.text)
    GPIO_ETH_MediaInterfaceConfig            0x08000e89   Thumb Code     8  stm32f10x_gpio.o(.text)
    RCC_DeInit                               0x08000eb5   Thumb Code    50  stm32f10x_rcc.o(.text)
    RCC_HSEConfig                            0x08000ee7   Thumb Code    48  stm32f10x_rcc.o(.text)
    RCC_GetFlagStatus                        0x08000f17   Thumb Code    42  stm32f10x_rcc.o(.text)
    RCC_WaitForHSEStartUp                    0x08000f41   Thumb Code    44  stm32f10x_rcc.o(.text)
    RCC_AdjustHSICalibrationValue            0x08000f6d   Thumb Code    16  stm32f10x_rcc.o(.text)
    RCC_HSICmd                               0x08000f7d   Thumb Code     6  stm32f10x_rcc.o(.text)
    RCC_PLLConfig                            0x08000f83   Thumb Code    16  stm32f10x_rcc.o(.text)
    RCC_PLLCmd                               0x08000f93   Thumb Code     6  stm32f10x_rcc.o(.text)
    RCC_SYSCLKConfig                         0x08000f99   Thumb Code    14  stm32f10x_rcc.o(.text)
    RCC_GetSYSCLKSource                      0x08000fa7   Thumb Code    10  stm32f10x_rcc.o(.text)
    RCC_HCLKConfig                           0x08000fb1   Thumb Code    14  stm32f10x_rcc.o(.text)
    RCC_PCLK1Config                          0x08000fbf   Thumb Code    14  stm32f10x_rcc.o(.text)
    RCC_PCLK2Config                          0x08000fcd   Thumb Code    16  stm32f10x_rcc.o(.text)
    RCC_ITConfig                             0x08000fdd   Thumb Code    18  stm32f10x_rcc.o(.text)
    RCC_USBCLKConfig                         0x08000fef   Thumb Code     8  stm32f10x_rcc.o(.text)
    RCC_ADCCLKConfig                         0x08000ff7   Thumb Code    14  stm32f10x_rcc.o(.text)
    RCC_LSEConfig                            0x08001005   Thumb Code    28  stm32f10x_rcc.o(.text)
    RCC_LSICmd                               0x08001021   Thumb Code     6  stm32f10x_rcc.o(.text)
    RCC_RTCCLKConfig                         0x08001027   Thumb Code    10  stm32f10x_rcc.o(.text)
    RCC_RTCCLKCmd                            0x08001031   Thumb Code     8  stm32f10x_rcc.o(.text)
    RCC_GetClocksFreq                        0x08001039   Thumb Code   132  stm32f10x_rcc.o(.text)
    RCC_AHBPeriphClockCmd                    0x080010bd   Thumb Code    18  stm32f10x_rcc.o(.text)
    RCC_APB2PeriphClockCmd                   0x080010cf   Thumb Code    18  stm32f10x_rcc.o(.text)
    RCC_APB1PeriphClockCmd                   0x080010e1   Thumb Code    18  stm32f10x_rcc.o(.text)
    RCC_APB2PeriphResetCmd                   0x080010f3   Thumb Code    18  stm32f10x_rcc.o(.text)
    RCC_APB1PeriphResetCmd                   0x08001105   Thumb Code    18  stm32f10x_rcc.o(.text)
    RCC_BackupResetCmd                       0x08001117   Thumb Code     8  stm32f10x_rcc.o(.text)
    RCC_ClockSecuritySystemCmd               0x0800111f   Thumb Code     6  stm32f10x_rcc.o(.text)
    RCC_MCOConfig                            0x08001125   Thumb Code     6  stm32f10x_rcc.o(.text)
    RCC_ClearFlag                            0x0800112b   Thumb Code    12  stm32f10x_rcc.o(.text)
    RCC_GetITStatus                          0x08001137   Thumb Code    16  stm32f10x_rcc.o(.text)
    RCC_ClearITPendingBit                    0x08001147   Thumb Code     6  stm32f10x_rcc.o(.text)
    USART_DeInit                             0x0800116d   Thumb Code    96  stm32f10x_usart.o(.text)
    USART_Init                               0x080011cd   Thumb Code   166  stm32f10x_usart.o(.text)
    USART_StructInit                         0x08001273   Thumb Code    22  stm32f10x_usart.o(.text)
    USART_ClockInit                          0x08001289   Thumb Code    30  stm32f10x_usart.o(.text)
    USART_ClockStructInit                    0x080012a7   Thumb Code    12  stm32f10x_usart.o(.text)
    USART_Cmd                                0x080012b3   Thumb Code    20  stm32f10x_usart.o(.text)
    USART_ITConfig                           0x080012c7   Thumb Code    48  stm32f10x_usart.o(.text)
    USART_DMACmd                             0x080012f7   Thumb Code    16  stm32f10x_usart.o(.text)
    USART_SetAddress                         0x08001307   Thumb Code    16  stm32f10x_usart.o(.text)
    USART_WakeUpConfig                       0x08001317   Thumb Code    16  stm32f10x_usart.o(.text)
    USART_ReceiverWakeUpCmd                  0x08001327   Thumb Code    20  stm32f10x_usart.o(.text)
    USART_LINBreakDetectLengthConfig         0x0800133b   Thumb Code    16  stm32f10x_usart.o(.text)
    USART_LINCmd                             0x0800134b   Thumb Code    20  stm32f10x_usart.o(.text)
    USART_SendData                           0x0800135f   Thumb Code     8  stm32f10x_usart.o(.text)
    USART_ReceiveData                        0x08001367   Thumb Code     8  stm32f10x_usart.o(.text)
    USART_SendBreak                          0x0800136f   Thumb Code    10  stm32f10x_usart.o(.text)
    USART_SetGuardTime                       0x08001379   Thumb Code    16  stm32f10x_usart.o(.text)
    USART_SetPrescaler                       0x08001389   Thumb Code    16  stm32f10x_usart.o(.text)
    USART_SmartCardCmd                       0x08001399   Thumb Code    20  stm32f10x_usart.o(.text)
    USART_SmartCardNACKCmd                   0x080013ad   Thumb Code    20  stm32f10x_usart.o(.text)
    USART_HalfDuplexCmd                      0x080013c1   Thumb Code    20  stm32f10x_usart.o(.text)
    USART_OverSampling8Cmd                   0x080013d5   Thumb Code    20  stm32f10x_usart.o(.text)
    USART_OneBitMethodCmd                    0x080013e9   Thumb Code    20  stm32f10x_usart.o(.text)
    USART_IrDAConfig                         0x080013fd   Thumb Code    16  stm32f10x_usart.o(.text)
    USART_IrDACmd                            0x0800140d   Thumb Code    20  stm32f10x_usart.o(.text)
    USART_GetFlagStatus                      0x08001421   Thumb Code    14  stm32f10x_usart.o(.text)
    USART_ClearFlag                          0x0800142f   Thumb Code     6  stm32f10x_usart.o(.text)
    USART_GetITStatus                        0x08001435   Thumb Code    62  stm32f10x_usart.o(.text)
    USART_ClearITPendingBit                  0x08001473   Thumb Code    12  stm32f10x_usart.o(.text)
    NVIC_PriorityGroupConfig                 0x08001495   Thumb Code    10  misc.o(.text)
    NVIC_Init                                0x0800149f   Thumb Code    94  misc.o(.text)
    NVIC_SetVectorTable                      0x080014fd   Thumb Code    14  misc.o(.text)
    NVIC_SystemLPConfig                      0x0800150b   Thumb Code    20  misc.o(.text)
    SysTick_CLKSourceConfig                  0x0800151f   Thumb Code    24  misc.o(.text)
    TIM_DeInit                               0x08001545   Thumb Code   304  stm32f10x_tim.o(.text)
    TIM_TimeBaseInit                         0x08001675   Thumb Code   114  stm32f10x_tim.o(.text)
    TIM_OC1Init                              0x080016e7   Thumb Code   106  stm32f10x_tim.o(.text)
    TIM_OC2Init                              0x08001751   Thumb Code   120  stm32f10x_tim.o(.text)
    TIM_OC3Init                              0x080017c9   Thumb Code   116  stm32f10x_tim.o(.text)
    TIM_OC4Init                              0x0800183d   Thumb Code    90  stm32f10x_tim.o(.text)
    TIM_SetIC4Prescaler                      0x08001897   Thumb Code    24  stm32f10x_tim.o(.text)
    TIM_SetIC3Prescaler                      0x080018af   Thumb Code    16  stm32f10x_tim.o(.text)
    TIM_SetIC2Prescaler                      0x080018bf   Thumb Code    24  stm32f10x_tim.o(.text)
    TIM_SetIC1Prescaler                      0x0800197d   Thumb Code    16  stm32f10x_tim.o(.text)
    TIM_ICInit                               0x080019e5   Thumb Code   270  stm32f10x_tim.o(.text)
    TIM_PWMIConfig                           0x08001af3   Thumb Code   104  stm32f10x_tim.o(.text)
    TIM_BDTRConfig                           0x08001b5b   Thumb Code    34  stm32f10x_tim.o(.text)
    TIM_TimeBaseStructInit                   0x08001b7d   Thumb Code    18  stm32f10x_tim.o(.text)
    TIM_OCStructInit                         0x08001b8f   Thumb Code    20  stm32f10x_tim.o(.text)
    TIM_ICStructInit                         0x08001ba3   Thumb Code    16  stm32f10x_tim.o(.text)
    TIM_BDTRStructInit                       0x08001bb3   Thumb Code    18  stm32f10x_tim.o(.text)
    TIM_Cmd                                  0x08001bc5   Thumb Code    20  stm32f10x_tim.o(.text)
    TIM_CtrlPWMOutputs                       0x08001bd9   Thumb Code    22  stm32f10x_tim.o(.text)
    TIM_ITConfig                             0x08001bef   Thumb Code    16  stm32f10x_tim.o(.text)
    TIM_GenerateEvent                        0x08001bff   Thumb Code     4  stm32f10x_tim.o(.text)
    TIM_DMAConfig                            0x08001c03   Thumb Code     8  stm32f10x_tim.o(.text)
    TIM_DMACmd                               0x08001c0b   Thumb Code    16  stm32f10x_tim.o(.text)
    TIM_InternalClockConfig                  0x08001c1b   Thumb Code    10  stm32f10x_tim.o(.text)
    TIM_SelectInputTrigger                   0x08001c25   Thumb Code    12  stm32f10x_tim.o(.text)
    TIM_ITRxExternalClockConfig              0x08001c31   Thumb Code    18  stm32f10x_tim.o(.text)
    TIM_TIxExternalClockConfig               0x08001c43   Thumb Code    46  stm32f10x_tim.o(.text)
    TIM_ETRConfig                            0x08001c71   Thumb Code    24  stm32f10x_tim.o(.text)
    TIM_ETRClockMode1Config                  0x08001c89   Thumb Code    18  stm32f10x_tim.o(.text)
    TIM_ETRClockMode2Config                  0x08001c9b   Thumb Code    18  stm32f10x_tim.o(.text)
    TIM_PrescalerConfig                      0x08001cad   Thumb Code     6  stm32f10x_tim.o(.text)
    TIM_CounterModeConfig                    0x08001cb3   Thumb Code    12  stm32f10x_tim.o(.text)
    TIM_EncoderInterfaceConfig               0x08001cbf   Thumb Code    50  stm32f10x_tim.o(.text)
    TIM_ForcedOC1Config                      0x08001cf1   Thumb Code    12  stm32f10x_tim.o(.text)
    TIM_ForcedOC2Config                      0x08001cfd   Thumb Code    20  stm32f10x_tim.o(.text)
    TIM_ForcedOC3Config                      0x08001d11   Thumb Code    12  stm32f10x_tim.o(.text)
    TIM_ForcedOC4Config                      0x08001d1d   Thumb Code    20  stm32f10x_tim.o(.text)
    TIM_ARRPreloadConfig                     0x08001d31   Thumb Code    20  stm32f10x_tim.o(.text)
    TIM_SelectCOM                            0x08001d45   Thumb Code    20  stm32f10x_tim.o(.text)
    TIM_SelectCCDMA                          0x08001d59   Thumb Code    20  stm32f10x_tim.o(.text)
    TIM_CCPreloadControl                     0x08001d6d   Thumb Code    20  stm32f10x_tim.o(.text)
    TIM_OC1PreloadConfig                     0x08001d81   Thumb Code    32  stm32f10x_tim.o(.text)
    TIM_OC2PreloadConfig                     0x08001da1   Thumb Code    20  stm32f10x_tim.o(.text)
    TIM_OC3PreloadConfig                     0x08001db5   Thumb Code    12  stm32f10x_tim.o(.text)
    TIM_OC4PreloadConfig                     0x08001dc1   Thumb Code    20  stm32f10x_tim.o(.text)
    TIM_OC1FastConfig                        0x08001dd5   Thumb Code    12  stm32f10x_tim.o(.text)
    TIM_OC2FastConfig                        0x08001de1   Thumb Code    20  stm32f10x_tim.o(.text)
    TIM_OC3FastConfig                        0x08001df5   Thumb Code    12  stm32f10x_tim.o(.text)
    TIM_OC4FastConfig                        0x08001e01   Thumb Code    20  stm32f10x_tim.o(.text)
    TIM_ClearOC1Ref                          0x08001e15   Thumb Code    12  stm32f10x_tim.o(.text)
    TIM_ClearOC2Ref                          0x08001e21   Thumb Code    20  stm32f10x_tim.o(.text)
    TIM_ClearOC3Ref                          0x08001e35   Thumb Code    12  stm32f10x_tim.o(.text)
    TIM_ClearOC4Ref                          0x08001e41   Thumb Code    20  stm32f10x_tim.o(.text)
    TIM_OC1PolarityConfig                    0x08001e55   Thumb Code    12  stm32f10x_tim.o(.text)
    TIM_OC1NPolarityConfig                   0x08001e61   Thumb Code    12  stm32f10x_tim.o(.text)
    TIM_OC2PolarityConfig                    0x08001e6d   Thumb Code    20  stm32f10x_tim.o(.text)
    TIM_OC2NPolarityConfig                   0x08001e81   Thumb Code    20  stm32f10x_tim.o(.text)
    TIM_OC3PolarityConfig                    0x08001e95   Thumb Code    20  stm32f10x_tim.o(.text)
    TIM_OC3NPolarityConfig                   0x08001ea9   Thumb Code    20  stm32f10x_tim.o(.text)
    TIM_OC4PolarityConfig                    0x08001ebd   Thumb Code    20  stm32f10x_tim.o(.text)
    TIM_CCxCmd                               0x08001ed1   Thumb Code    22  stm32f10x_tim.o(.text)
    TIM_CCxNCmd                              0x08001ee7   Thumb Code    22  stm32f10x_tim.o(.text)
    TIM_SelectOCxM                           0x08001efd   Thumb Code    70  stm32f10x_tim.o(.text)
    TIM_UpdateDisableConfig                  0x08001f43   Thumb Code    20  stm32f10x_tim.o(.text)
    TIM_UpdateRequestConfig                  0x08001f57   Thumb Code    20  stm32f10x_tim.o(.text)
    TIM_SelectHallSensor                     0x08001f6b   Thumb Code    20  stm32f10x_tim.o(.text)
    TIM_SelectOnePulseMode                   0x08001f7f   Thumb Code    16  stm32f10x_tim.o(.text)
    TIM_SelectOutputTrigger                  0x08001f8f   Thumb Code    16  stm32f10x_tim.o(.text)
    TIM_SelectSlaveMode                      0x08001f9f   Thumb Code    16  stm32f10x_tim.o(.text)
    TIM_SelectMasterSlaveMode                0x08001faf   Thumb Code    16  stm32f10x_tim.o(.text)
    TIM_SetCounter                           0x08001fbf   Thumb Code     4  stm32f10x_tim.o(.text)
    TIM_SetAutoreload                        0x08001fc3   Thumb Code     4  stm32f10x_tim.o(.text)
    TIM_SetCompare1                          0x08001fc7   Thumb Code     4  stm32f10x_tim.o(.text)
    TIM_SetCompare2                          0x08001fcb   Thumb Code     4  stm32f10x_tim.o(.text)
    TIM_SetCompare3                          0x08001fcf   Thumb Code     4  stm32f10x_tim.o(.text)
    TIM_SetCompare4                          0x08001fd3   Thumb Code     6  stm32f10x_tim.o(.text)
    TIM_SetClockDivision                     0x08001fd9   Thumb Code    16  stm32f10x_tim.o(.text)
    TIM_GetCapture1                          0x08001fe9   Thumb Code     4  stm32f10x_tim.o(.text)
    TIM_GetCapture2                          0x08001fed   Thumb Code     4  stm32f10x_tim.o(.text)
    TIM_GetCapture3                          0x08001ff1   Thumb Code     4  stm32f10x_tim.o(.text)
    TIM_GetCapture4                          0x08001ff5   Thumb Code     6  stm32f10x_tim.o(.text)
    TIM_GetCounter                           0x08001ffb   Thumb Code     4  stm32f10x_tim.o(.text)
    TIM_GetPrescaler                         0x08001fff   Thumb Code     4  stm32f10x_tim.o(.text)
    TIM_GetFlagStatus                        0x08002003   Thumb Code    14  stm32f10x_tim.o(.text)
    TIM_ClearFlag                            0x08002011   Thumb Code     6  stm32f10x_tim.o(.text)
    TIM_GetITStatus                          0x08002017   Thumb Code    24  stm32f10x_tim.o(.text)
    TIM_ClearITPendingBit                    0x0800202f   Thumb Code     6  stm32f10x_tim.o(.text)
    alarm_get                                0x08002035   Thumb Code    18  alarm.o(.text)
    alarm_init                               0x080020e1   Thumb Code     2  alarm.o(.text)
    alarm_reset                              0x080020e3   Thumb Code     8  alarm.o(.text)
    alarm_getNext                            0x080020eb   Thumb Code    26  alarm.o(.text)
    alarm_getNextDay                         0x08002105   Thumb Code     8  alarm.o(.text)
    alarm_save                               0x0800210d   Thumb Code    18  alarm.o(.text)
    alarm_update                             0x08002197   Thumb Code   132  alarm.o(.text)
    alarm_updateNextAlarm                    0x0800221b   Thumb Code     2  alarm.o(.text)
    mAlarmsOpen                              0x0800259b   Thumb Code    44  alarms.o(.text)
    animation_init                           0x080026b1   Thumb Code    10  animation.o(.text)
    animation_update                         0x080026bb   Thumb Code   120  animation.o(.text)
    animation_start                          0x08002733   Thumb Code    34  animation.o(.text)
    animation_active                         0x08002755   Thumb Code     6  animation.o(.text)
    animation_movingOn                       0x0800275b   Thumb Code    14  animation.o(.text)
    animation_offsetY                        0x08002769   Thumb Code     6  animation.o(.text)
    appconfig_save                           0x08002779   Thumb Code     2  appconfig.o(.text)
    appconfig_reset                          0x0800277b   Thumb Code    28  appconfig.o(.text)
    appconfig_init                           0x08002797   Thumb Code     2  appconfig.o(.text)
    buttons_startup                          0x0800279d   Thumb Code    72  buttons.o(.text)
    buttons_init                             0x080027e5   Thumb Code    22  buttons.o(.text)
    buttons_update                           0x080027fb   Thumb Code    28  buttons.o(.text)
    buttons_shutdown                         0x08002817   Thumb Code     2  buttons.o(.text)
    buttons_setFunc                          0x08002819   Thumb Code    12  buttons.o(.text)
    buttons_setFuncs                         0x08002825   Thumb Code    10  buttons.o(.text)
    buttons_isActive                         0x0800282f   Thumb Code    58  buttons.o(.text)
    buttons_wake                             0x08002869   Thumb Code    44  buttons.o(.text)
    mDiagOpen                                0x08002a57   Thumb Code    44  diag.o(.text)
    display_set                              0x08002b11   Thumb Code     6  display.o(.text)
    display_load                             0x08002b17   Thumb Code    12  display.o(.text)
    display_setDrawFunc                      0x08002b23   Thumb Code    10  display.o(.text)
    display_update                           0x08002c6b   Thumb Code   124  display.o(.text)
    display_startCRTAnim                     0x08002ce7   Thumb Code    52  display.o(.text)
    draw_bitmap                              0x08002d2d   Thumb Code   308  draw.o(.text)
    draw_string                              0x08002e61   Thumb Code   120  draw.o(.text)
    draw_string_P                            0x08002ed9   Thumb Code    54  draw.o(.text)
    moveLowBits                              0x08002f0f   Thumb Code    22  draw.o(.text)
    moveLHigBits                             0x08002f25   Thumb Code    20  draw.o(.text)
    mydraw_bitmap                            0x08002f39   Thumb Code   532  draw.o(.text)
    draw_clearArea                           0x0800314d   Thumb Code    16  draw.o(.text)
    draw_end                                 0x0800315d   Thumb Code     4  draw.o(.text)
    game1_draw                               0x080031ab   Thumb Code   782  game1.o(.text)
    auto_mode                                0x080034b9   Thumb Code    38  game1.o(.text)
    resume                                   0x080034df   Thumb Code    30  game1.o(.text)
    game1_start                              0x0800362b   Thumb Code   106  game1.o(.text)
    game2_start                              0x08003a59   Thumb Code    74  game2.o(.text)
    mGamesOpen                               0x08003b37   Thumb Code    66  games.o(.text)
    global_init                              0x08003bcd   Thumb Code     2  global.o(.text)
    global_update                            0x08003bcf   Thumb Code     2  global.o(.text)
    div10                                    0x08003bd1   Thumb Code     8  global.o(.text)
    mod10                                    0x08003bd9   Thumb Code    12  global.o(.text)
    mDisplayOpen                             0x08003d11   Thumb Code    50  m_display.o(.text)
    mMainOpen                                0x08003f01   Thumb Code    22  m_main.o(.text)
    menu_select                              0x08003fd5   Thumb Code    40  menu.o(.text)
    menu_down                                0x08003ffd   Thumb Code    14  menu.o(.text)
    menu_up                                  0x0800400b   Thumb Code    14  menu.o(.text)
    menu_draw                                0x08004121   Thumb Code   128  menu.o(.text)
    beginAnimation                           0x080041a1   Thumb Code     6  menu.o(.text)
    setMenuOption                            0x080041a7   Thumb Code   158  menu.o(.text)
    setMenuOption_P                          0x08004245   Thumb Code    40  menu.o(.text)
    menu_isOpen                              0x0800426d   Thumb Code     6  menu.o(.text)
    menu_close                               0x08004273   Thumb Code    22  menu.o(.text)
    setPrevMenuOpen                          0x08004289   Thumb Code    18  menu.o(.text)
    exitSelected                             0x0800429b   Thumb Code    20  menu.o(.text)
    setPrevMenuExit                          0x080042af   Thumb Code    30  menu.o(.text)
    back                                     0x080042cd   Thumb Code    12  menu.o(.text)
    addBackOption                            0x080042d9   Thumb Code    18  menu.o(.text)
    beginAnimation2                          0x080042eb   Thumb Code     6  menu.o(.text)
    setMenuInfo                              0x080042f1   Thumb Code    30  menu.o(.text)
    setMenuFuncs                             0x0800430f   Thumb Code    14  menu.o(.text)
    nextOption                               0x08004339   Thumb Code    22  menu.o(.text)
    prevOption                               0x0800434f   Thumb Code    22  menu.o(.text)
    doAction                                 0x08004365   Thumb Code    12  menu.o(.text)
    millis_init                              0x080043f1   Thumb Code   112  millis.o(.text)
    millis_get                               0x08004461   Thumb Code     6  millis.o(.text)
    TIM3_IRQHandler                          0x08004467   Thumb Code    68  millis.o(.text)
    watchface_normal                         0x08004855   Thumb Code    30  normal.o(.text)
    mSettingsOpen                            0x08004991   Thumb Code    44  settings.o(.text)
    mSleepOpen                               0x08004aa9   Thumb Code    50  sleep.o(.text)
    mSoundOpen                               0x08004bad   Thumb Code    50  sound.o(.text)
    stopwatch_open                           0x08004e15   Thumb Code    28  stopwatch.o(.text)
    stopwatch_active                         0x08004e31   Thumb Code    12  stopwatch.o(.text)
    stopwatch_update                         0x08004e3d   Thumb Code    36  stopwatch.o(.text)
    time_wake                                0x08004e8d   Thumb Code    20  time.o(.text)
    time_init                                0x08004ea1   Thumb Code     2  time.o(.text)
    time_sleep                               0x08004ea3   Thumb Code     8  time.o(.text)
    time_shutdown                            0x08004eab   Thumb Code     8  time.o(.text)
    time_timeMode                            0x08004eb3   Thumb Code    76  time.o(.text)
    time_set                                 0x08004eff   Thumb Code    42  time.o(.text)
    time_isLeapYear                          0x08004f29   Thumb Code    12  time.o(.text)
    time_dow                                 0x08004f35   Thumb Code    92  time.o(.text)
    time_monthDayCount                       0x08004f91   Thumb Code    24  time.o(.text)
    time_timeStr                             0x08004fa9   Thumb Code    26  time.o(.text)
    time_update                              0x08004fc3   Thumb Code   122  time.o(.text)
    mTimeDateOpen                            0x08005399   Thumb Code    72  timedate.o(.text)
    torch_open                               0x08005527   Thumb Code    34  torch.o(.text)
    tune_play                                0x08005595   Thumb Code    28  tune.o(.text)
    tune_stop                                0x080055b1   Thumb Code    24  tune.o(.text)
    OLED_DrawPoint                           0x08005683   Thumb Code    42  tunemaker.o(.text)
    OLED_DrawLine                            0x080056ad   Thumb Code   148  tunemaker.o(.text)
    __SysTick                                0x08005741   Thumb Code    20  tunemaker.o(.text)
    tunemakerOpen                            0x080058db   Thumb Code    48  tunemaker.o(.text)
    drawBattery                              0x0800595d   Thumb Code    24  ui.o(.text)
    pwrmgr_init                              0x08005979   Thumb Code    10  pwrmgr.o(.text)
    pwrmgr_update                            0x08005983   Thumb Code    76  pwrmgr.o(.text)
    pwrmgr_setState                          0x080059cf   Thumb Code     8  pwrmgr.o(.text)
    pwrmgr_userActive                        0x080059d7   Thumb Code    14  pwrmgr.o(.text)
    InitGraph                                0x080059e9   Thumb Code     4  oled_basic.o(.text)
    DriverInit                               0x080059ed   Thumb Code    14  oled_config.o(.text)
    SW_SPI_Configuration                     0x080059fd   Thumb Code   126  oled_driver.o(.text)
    WriteCmd                                 0x08005a7b   Thumb Code   100  oled_driver.o(.text)
    WriteDat                                 0x08005adf   Thumb Code   100  oled_driver.o(.text)
    OLED_FILL                                0x08005b43   Thumb Code    56  oled_driver.o(.text)
    OLED_Init                                0x08005b7b   Thumb Code   172  oled_driver.o(.text)
    OLED_CLS                                 0x08005c27   Thumb Code    52  oled_driver.o(.text)
    OLED_ON                                  0x08005c5b   Thumb Code    22  oled_driver.o(.text)
    OLED_OFF                                 0x08005c71   Thumb Code    22  oled_driver.o(.text)
    gui_print_s                              0x08005c91   Thumb Code    18  gui_log_console.o(.text)
    up_line                                  0x08005ca3   Thumb Code    22  gui_log_console.o(.text)
    down_line                                0x08005cb9   Thumb Code    22  gui_log_console.o(.text)
    is_loging                                0x08005ccf   Thumb Code    22  gui_log_console.o(.text)
    console_loop_show                        0x08005ce5   Thumb Code   164  gui_log_console.o(.text)
    strcopy_cnt                              0x08005d89   Thumb Code    24  gui_log_console.o(.text)
    find_huanhang_str_idx                    0x08005da1   Thumb Code    72  gui_log_console.o(.text)
    console_log                              0x08005de9   Thumb Code   354  gui_log_console.o(.text)
    Usart2_Init                              0x08005f8d   Thumb Code   176  usart2.o(.text)
    u2_printf                                0x0800603d   Thumb Code    60  usart2.o(.text)
    u2_TxData                                0x08006079   Thumb Code    38  usart2.o(.text)
    USART2_IRQHandler                        0x0800609f   Thumb Code    50  usart2.o(.text)
    wifi_wait_data_hander                    0x080060ed   Thumb Code    64  wait_data_clock.o(.text)
    WiFi_ResetIO_Init                        0x08006141   Thumb Code    52  wifi.o(.text)
    deep_sleep                               0x08006175   Thumb Code     2  wifi.o(.text)
    light_sleep                              0x08006177   Thumb Code     2  wifi.o(.text)
    cmd_state                                0x08006179   Thumb Code   184  wifi.o(.text)
    Find_string                              0x08006231   Thumb Code    68  wifi.o(.text)
    show_time_data                           0x08006275   Thumb Code     2  wifi.o(.text)
    updata_time_data                         0x08006277   Thumb Code     2  wifi.o(.text)
    connect_my_phone                         0x08006279   Thumb Code     2  wifi.o(.text)
    show_wather_data                         0x0800627b   Thumb Code     2  wifi.o(.text)
    get_weather_cmd                          0x0800627d   Thumb Code     2  wifi.o(.text)
    reset_wifi_cmd                           0x0800627f   Thumb Code     2  wifi.o(.text)
    wifi_status                              0x08006281   Thumb Code     2  wifi.o(.text)
    scan_wifi                                0x08006283   Thumb Code     2  wifi.o(.text)
    smartconfig                              0x08006285   Thumb Code     2  wifi.o(.text)
    skipped_AMI                              0x080062f5   Thumb Code    46  wifi_task.o(.text)
    wifi_test_open                           0x08006383   Thumb Code    54  wifi_task.o(.text)
    WiFi_CMD_updata                          0x0800643f   Thumb Code    56  wifi_cmd_task.o(.text)
    txt                                      0x08006477   Thumb Code     4  wifi_cmd_task.o(.text)
    cmd7                                     0x0800647b   Thumb Code     4  wifi_cmd_task.o(.text)
    cmd8                                     0x0800647f   Thumb Code     4  wifi_cmd_task.o(.text)
    cmd6                                     0x08006483   Thumb Code     4  wifi_cmd_task.o(.text)
    cmd5                                     0x08006487   Thumb Code     4  wifi_cmd_task.o(.text)
    cmd4                                     0x0800648b   Thumb Code     4  wifi_cmd_task.o(.text)
    cmd3                                     0x0800648f   Thumb Code     4  wifi_cmd_task.o(.text)
    cmd2                                     0x08006493   Thumb Code     4  wifi_cmd_task.o(.text)
    cmd1                                     0x08006497   Thumb Code     4  wifi_cmd_task.o(.text)
    wifi_comd_open                           0x0800654b   Thumb Code    56  wifi_cmd_task.o(.text)
    txtViewer_drawBoundary                   0x08007345   Thumb Code   104  txt_viewer.o(.text)
    txtViewer_CursorAddChar                  0x080073ad   Thumb Code   130  txt_viewer.o(.text)
    txtViewer_CursorDeleteChar               0x0800742f   Thumb Code   156  txt_viewer.o(.text)
    txtViewer_do_operator                    0x080074cb   Thumb Code    20  txt_viewer.o(.text)
    txtViewer_init                           0x08007533   Thumb Code   132  txt_viewer.o(.text)
    txtViewer_getChar                        0x080075b7   Thumb Code    14  txt_viewer.o(.text)
    txtViewer_changeProcessMode              0x080075c5   Thumb Code    42  txt_viewer.o(.text)
    txtViewer_clearDataBuf                   0x080075ef   Thumb Code    20  txt_viewer.o(.text)
    setFilterOut                             0x08007603   Thumb Code    16  txt_viewer.o(.text)
    txtViewer_changeSource                   0x08007613   Thumb Code    26  txt_viewer.o(.text)
    txtViewer_setWindow                      0x0800762d   Thumb Code    72  txt_viewer.o(.text)
    txtViewer_DeleteLastStoreChar            0x08007675   Thumb Code    66  txt_viewer.o(.text)
    cursor_up                                0x080076b7   Thumb Code   368  txt_viewer.o(.text)
    cursor_down                              0x08007827   Thumb Code   326  txt_viewer.o(.text)
    cursor_left                              0x0800796d   Thumb Code    76  txt_viewer.o(.text)
    cursor_right                             0x080079b9   Thumb Code    76  txt_viewer.o(.text)
    backto                                   0x08007acb   Thumb Code     4  txt_viewer.o(.text)
    txt_test_open                            0x08007adb   Thumb Code    64  txt_viewer.o(.text)
    cmd_ps2                                  0x08007b1b   Thumb Code    66  txt_viewer.o(.text)
    cmd_kill                                 0x08007b5d   Thumb Code    72  txt_viewer.o(.text)
    cmdtest3                                 0x08007ba5   Thumb Code    46  txt_viewer.o(.text)
    cmd_del                                  0x08007bd3   Thumb Code    14  txt_viewer.o(.text)
    cmd_add                                  0x08007be1   Thumb Code    32  txt_viewer.o(.text)
    cmdtest2                                 0x08007c01   Thumb Code    42  txt_viewer.o(.text)
    cmd_ps                                   0x08007c2b   Thumb Code    60  txt_viewer.o(.text)
    cmd_go                                   0x08007c67   Thumb Code    20  txt_viewer.o(.text)
    cmdtest                                  0x08007c7b   Thumb Code    42  txt_viewer.o(.text)
    cursor_add                               0x08007ca5   Thumb Code    12  txt_viewer.o(.text)
    cursor_LR                                0x08007cb1   Thumb Code    12  txt_viewer.o(.text)
    cursor_updown                            0x08007cbd   Thumb Code    12  txt_viewer.o(.text)
    scroll_anim                              0x08007cc9   Thumb Code    16  txt_viewer.o(.text)
    p_up                                     0x08007cd9   Thumb Code    16  txt_viewer.o(.text)
    p_downln                                 0x08007ce9   Thumb Code    22  txt_viewer.o(.text)
    p_testln                                 0x08007cff   Thumb Code    30  txt_viewer.o(.text)
    p_down                                   0x08007d1d   Thumb Code    22  txt_viewer.o(.text)
    p_test                                   0x08007d33   Thumb Code    30  txt_viewer.o(.text)
    autobrk_print                            0x08007d51   Thumb Code    30  txt_viewer.o(.text)
    up_down                                  0x08007d6f   Thumb Code    18  txt_viewer.o(.text)
    autobrk                                  0x08007d81   Thumb Code    16  txt_viewer.o(.text)
    normal_print                             0x08007d91   Thumb Code    30  txt_viewer.o(.text)
    normal                                   0x08007daf   Thumb Code    16  txt_viewer.o(.text)
    clear_buf                                0x08007dbf   Thumb Code    20  txt_viewer.o(.text)
    sizefull                                 0x08007dd3   Thumb Code    26  txt_viewer.o(.text)
    size48x96                                0x08007ded   Thumb Code    18  txt_viewer.o(.text)
    size32x64                                0x08007dff   Thumb Code    18  txt_viewer.o(.text)
    size48x64                                0x08007e11   Thumb Code    18  txt_viewer.o(.text)
    kbd_mode                                 0x08007e23   Thumb Code    16  txt_viewer.o(.text)
    flter_lr                                 0x08007e33   Thumb Code    14  txt_viewer.o(.text)
    win_leftRight                            0x08007e41   Thumb Code    12  txt_viewer.o(.text)
    win_upDown                               0x08007e4d   Thumb Code   104  txt_viewer.o(.text)
    left_right                               0x08007eb5   Thumb Code    18  txt_viewer.o(.text)
    cmd_RegisterFunc                         0x080082e5   Thumb Code    32  cmd_parser.o(.text)
    cmd_getChar                              0x08008305   Thumb Code    20  cmd_parser.o(.text)
    cmd_log_first                            0x08008319   Thumb Code    10  cmd_parser.o(.text)
    cmd_running_process                      0x08008323   Thumb Code    64  cmd_parser.o(.text)
    cmd_addOneChar                           0x08008363   Thumb Code    28  cmd_parser.o(.text)
    cmd_delOneChar                           0x0800837f   Thumb Code    22  cmd_parser.o(.text)
    mystrcmp                                 0x08008395   Thumb Code    32  cmd_parser.o(.text)
    cmd_do_operator                          0x080084c9   Thumb Code   122  cmd_parser.o(.text)
    cmd_Parser_Init                          0x080085ad   Thumb Code    50  cmd_parser.o(.text)
    cmd_Parser_Start                         0x080085df   Thumb Code     6  cmd_parser.o(.text)
    cmd_Parser_Close                         0x080085e5   Thumb Code    28  cmd_parser.o(.text)
    ps                                       0x08008601   Thumb Code   146  cmd_parser.o(.text)
    kill                                     0x08008693   Thumb Code   234  cmd_parser.o(.text)
    cmd_test_init                            0x0800877d   Thumb Code    44  cmd_parser.o(.text)
    rand                                     0x080087e1   Thumb Code    20  rand.o(.text)
    srand                                    0x080087f5   Thumb Code     6  rand.o(.text)
    __aeabi_memcpy                           0x08008805   Thumb Code    36  memcpya.o(.text)
    __aeabi_memcpy4                          0x08008805   Thumb Code     0  memcpya.o(.text)
    __aeabi_memcpy8                          0x08008805   Thumb Code     0  memcpya.o(.text)
    __aeabi_memset                           0x08008829   Thumb Code    14  memseta.o(.text)
    __aeabi_memset4                          0x08008829   Thumb Code     0  memseta.o(.text)
    __aeabi_memset8                          0x08008829   Thumb Code     0  memseta.o(.text)
    __aeabi_memclr                           0x08008837   Thumb Code     4  memseta.o(.text)
    __aeabi_memclr4                          0x08008837   Thumb Code     0  memseta.o(.text)
    __aeabi_memclr8                          0x08008837   Thumb Code     0  memseta.o(.text)
    _memset$wrapper                          0x0800883b   Thumb Code    18  memseta.o(.text)
    strcat                                   0x0800884d   Thumb Code    24  strcat.o(.text)
    strstr                                   0x08008865   Thumb Code    36  strstr.o(.text)
    strlen                                   0x08008889   Thumb Code    14  strlen.o(.text)
    strcpy                                   0x08008897   Thumb Code    18  strcpy.o(.text)
    calloc                                   0x080088a9   Thumb Code    28  calloc.o(.text)
    atoi                                     0x080088c5   Thumb Code    26  atoi.o(.text)
    __aeabi_fadd                             0x080088df   Thumb Code   164  fadd.o(.text)
    __aeabi_fsub                             0x08008983   Thumb Code     6  fadd.o(.text)
    __aeabi_frsub                            0x08008989   Thumb Code     6  fadd.o(.text)
    __aeabi_fdiv                             0x0800898f   Thumb Code   124  fdiv.o(.text)
    __ARM_scalbnf                            0x08008a0b   Thumb Code    24  fscalb.o(.text)
    scalbnf                                  0x08008a0b   Thumb Code     0  fscalb.o(.text)
    __aeabi_dadd                             0x08008a23   Thumb Code   322  dadd.o(.text)
    __aeabi_dsub                             0x08008b65   Thumb Code     6  dadd.o(.text)
    __aeabi_drsub                            0x08008b6b   Thumb Code     6  dadd.o(.text)
    __aeabi_dmul                             0x08008b71   Thumb Code   228  dmul.o(.text)
    __ARM_scalbn                             0x08008c55   Thumb Code    46  dscalb.o(.text)
    scalbn                                   0x08008c55   Thumb Code     0  dscalb.o(.text)
    __aeabi_i2f                              0x08008c83   Thumb Code    18  fflti.o(.text)
    __aeabi_ui2f                             0x08008c95   Thumb Code    10  ffltui.o(.text)
    __aeabi_f2uiz                            0x08008c9f   Thumb Code    40  ffixui.o(.text)
    __aeabi_d2uiz                            0x08008cc7   Thumb Code    50  dfixui.o(.text)
    __aeabi_f2d                              0x08008cf9   Thumb Code    38  f2d.o(.text)
    __aeabi_d2f                              0x08008d1f   Thumb Code    56  d2f.o(.text)
    __aeabi_cfcmpeq                          0x08008d59   Thumb Code     0  cfcmple.o(.text)
    __aeabi_cfcmple                          0x08008d59   Thumb Code    20  cfcmple.o(.text)
    __aeabi_cfrcmple                         0x08008d6d   Thumb Code    20  cfrcmple.o(.text)
    __aeabi_uidiv                            0x08008d81   Thumb Code     0  uidiv.o(.text)
    __aeabi_uidivmod                         0x08008d81   Thumb Code    44  uidiv.o(.text)
    __aeabi_uldivmod                         0x08008dad   Thumb Code    98  uldiv.o(.text)
    __aeabi_llsl                             0x08008e0f   Thumb Code    30  llshl.o(.text)
    _ll_shift_l                              0x08008e0f   Thumb Code     0  llshl.o(.text)
    __aeabi_llsr                             0x08008e2d   Thumb Code    32  llushr.o(.text)
    _ll_ushift_r                             0x08008e2d   Thumb Code     0  llushr.o(.text)
    __aeabi_lasr                             0x08008e4d   Thumb Code    36  llsshr.o(.text)
    _ll_sshift_r                             0x08008e4d   Thumb Code     0  llsshr.o(.text)
    strtol                                   0x08008e71   Thumb Code   112  strtol.o(.text)
    __I$use$fp                               0x08008ee1   Thumb Code     0  iusefp.o(.text)
    _float_round                             0x08008ee1   Thumb Code    18  fepilogue.o(.text)
    _float_epilogue                          0x08008ef3   Thumb Code    92  fepilogue.o(.text)
    _double_round                            0x08008f4f   Thumb Code    30  depilogue.o(.text)
    _double_epilogue                         0x08008f6d   Thumb Code   156  depilogue.o(.text)
    __aeabi_ddiv                             0x08009009   Thumb Code   222  ddiv.o(.text)
    __aeabi_d2ulz                            0x080090e7   Thumb Code    48  dfixul.o(.text)
    __aeabi_cdrcmple                         0x08009119   Thumb Code    48  cdrcmple.o(.text)
    __scatterload                            0x08009149   Thumb Code    28  init.o(.text)
    __scatterload_rt2                        0x08009149   Thumb Code     0  init.o(.text)
    __rt_ctype_table                         0x0800916d   Thumb Code     4  ctype_o.o(.text)
    _strtoul                                 0x08009175   Thumb Code   158  _strtoul.o(.text)
    __aeabi_i2d                              0x08009213   Thumb Code    34  dflti.o(.text)
    __aeabi_ui2d                             0x08009235   Thumb Code    26  dfltui.o(.text)
    __aeabi_d2iz                             0x0800924f   Thumb Code    62  dfixi.o(.text)
    _chval                                   0x0800928d   Thumb Code    28  _chval.o(.text)
    __decompress                             0x080092a9   Thumb Code     0  __dczerorl2.o(.text)
    __decompress1                            0x080092a9   Thumb Code    86  __dczerorl2.o(.text)
    __0sprintf                               0x08009301   Thumb Code    34  printfa.o(i.__0sprintf)
    __1sprintf                               0x08009301   Thumb Code     0  printfa.o(i.__0sprintf)
    __2sprintf                               0x08009301   Thumb Code     0  printfa.o(i.__0sprintf)
    __c89sprintf                             0x08009301   Thumb Code     0  printfa.o(i.__0sprintf)
    sprintf                                  0x08009301   Thumb Code     0  printfa.o(i.__0sprintf)
    __0vsprintf                              0x08009329   Thumb Code    30  printfa.o(i.__0vsprintf)
    __1vsprintf                              0x08009329   Thumb Code     0  printfa.o(i.__0vsprintf)
    __2vsprintf                              0x08009329   Thumb Code     0  printfa.o(i.__0vsprintf)
    __c89vsprintf                            0x08009329   Thumb Code     0  printfa.o(i.__0vsprintf)
    vsprintf                                 0x08009329   Thumb Code     0  printfa.o(i.__0vsprintf)
    __ARM_fpclassify                         0x0800934d   Thumb Code    40  fpclassify.o(i.__ARM_fpclassify)
    __aeabi_errno_addr                       0x08009375   Thumb Code     4  errno.o(i.__aeabi_errno_addr)
    __rt_errno_addr                          0x08009375   Thumb Code     0  errno.o(i.__aeabi_errno_addr)
    __ieee754_rem_pio2                       0x0800937d   Thumb Code   828  rred.o(i.__ieee754_rem_pio2)
    __kernel_cos                             0x08009705   Thumb Code   230  cos_i.o(i.__kernel_cos)
    __kernel_poly                            0x08009801   Thumb Code   170  poly.o(i.__kernel_poly)
    __kernel_sin                             0x080098ad   Thumb Code   224  sin_i.o(i.__kernel_sin)
    __mathlib_dbl_infnan                     0x08009999   Thumb Code     6  dunder.o(i.__mathlib_dbl_infnan)
    __mathlib_dbl_invalid                    0x0800999f   Thumb Code    12  dunder.o(i.__mathlib_dbl_invalid)
    __mathlib_dbl_underflow                  0x080099ad   Thumb Code    10  dunder.o(i.__mathlib_dbl_underflow)
    __scatterload_copy                       0x080099bd   Thumb Code    14  handlers.o(i.__scatterload_copy)
    __scatterload_null                       0x080099cb   Thumb Code     2  handlers.o(i.__scatterload_null)
    __scatterload_zeroinit                   0x080099cd   Thumb Code    14  handlers.o(i.__scatterload_zeroinit)
    __set_errno                              0x080099dd   Thumb Code     6  errno.o(i.__set_errno)
    free                                     0x0800a2a5   Thumb Code    76  malloc.o(i.free)
    malloc                                   0x0800a2f5   Thumb Code    92  malloc.o(i.malloc)
    sin                                      0x0800a361   Thumb Code   150  sin.o(i.sin)
    STAY                                     0x0800a400   Data          12  main.o(.constdata)
    TUNE                                     0x0800a40c   Data           8  main.o(.constdata)
    menuBack                                 0x0800a44b   Data           5  menu.o(.constdata)
    dowChars                                 0x0800a450   Data           8  resources.o(.constdata)
    days                                     0x0800a458   Data          28  resources.o(.constdata)
    months                                   0x0800a474   Data          48  resources.o(.constdata)
    livesImg                                 0x0800a4a4   Data           7  resources.o(.constdata)
    stopwatch                                0x0800a4ab   Data           8  resources.o(.constdata)
    menu_tunemaker                           0x0800a4b3   Data         128  resources.o(.constdata)
    menu_timedate                            0x0800a533   Data         128  resources.o(.constdata)
    menu_sleep                               0x0800a5b3   Data         128  resources.o(.constdata)
    menu_sound                               0x0800a633   Data         128  resources.o(.constdata)
    menu_games                               0x0800a6b3   Data         128  resources.o(.constdata)
    menu_brightness                          0x0800a733   Data         512  resources.o(.constdata)
    menu_LEDs                                0x0800a933   Data         256  resources.o(.constdata)
    menu_invert                              0x0800aa33   Data         128  resources.o(.constdata)
    menu_anim                                0x0800aab3   Data         256  resources.o(.constdata)
    menu_volume                              0x0800abb3   Data         512  resources.o(.constdata)
    menu_rotate                              0x0800adb3   Data         128  resources.o(.constdata)
    menu_display                             0x0800ae33   Data         128  resources.o(.constdata)
    menu_sleeptimeout                        0x0800aeb3   Data         128  resources.o(.constdata)
    usbIcon                                  0x0800af33   Data          16  resources.o(.constdata)
    battIconHigh                             0x0800af43   Data          16  resources.o(.constdata)
    chargeIcon                               0x0800af53   Data           8  resources.o(.constdata)
    smallFont                                0x0800af5b   Data         485  resources.o(.constdata)
    midFont                                  0x0800b140   Data         570  resources.o(.constdata)
    small2Font                               0x0800b37a   Data         220  resources.o(.constdata)
    colon                                    0x0800b456   Data          18  resources.o(.constdata)
    selectbar_top                            0x0800b468   Data          36  resources.o(.constdata)
    selectbar_bottom                         0x0800b48c   Data          36  resources.o(.constdata)
    menu_alarm                               0x0800b4b0   Data         128  resources.o(.constdata)
    menu_default                             0x0800b530   Data         128  resources.o(.constdata)
    menu_stopwatch                           0x0800b5b0   Data         128  resources.o(.constdata)
    menu_torch                               0x0800b630   Data         128  resources.o(.constdata)
    menu_settings                            0x0800b6b0   Data         128  resources.o(.constdata)
    menu_diagnostic                          0x0800b730   Data         128  resources.o(.constdata)
    menu_exit                                0x0800b7b0   Data         128  resources.o(.constdata)
    menu_setfps                              0x0800b830   Data         128  resources.o(.constdata)
    tuneBtn1                                 0x0800c9fc   Data          16  tunes.o(.constdata)
    tuneBtn2                                 0x0800ca0c   Data          16  tunes.o(.constdata)
    tuneBtn3                                 0x0800ca1c   Data          16  tunes.o(.constdata)
    Curosor_str                              0x0800ca2c   Data           7  txt_viewer.o(.constdata)
    __ctype_table                            0x0800cb58   Data         129  ctype_o.o(.constdata)
    Region$$Table$$Base                      0x0800ccc0   Number         0  anon$$obj.o(Region$$Table)
    Region$$Table$$Limit                     0x0800cce0   Number         0  anon$$obj.o(Region$$Table)
    mpu_err_flag                             0x20000000   Data           1  main.o(.data)
    SystemCoreClock                          0x20000004   Data           4  system_stm32f10x.o(.data)
    AHBPrescTable                            0x20000008   Data          16  system_stm32f10x.o(.data)
    CTRL_LEDs                                0x20000018   Data           1  led.o(.data)
    imu_run                                  0x20000038   Data           1  mpu_task.o(.data)
    delta                                    0x20000039   Data           1  mpu_task.o(.data)
    point_delta                              0x2000003a   Data           1  mpu_task.o(.data)
    pitch                                    0x20000048   Data           4  mpu_task.o(.data)
    roll                                     0x2000004c   Data           4  mpu_task.o(.data)
    yaw                                      0x20000050   Data           4  mpu_task.o(.data)
    key0                                     0x200000b4   Data           1  buttons.o(.data)
    key1                                     0x200000b5   Data           1  buttons.o(.data)
    key2                                     0x200000b6   Data           1  buttons.o(.data)
    MY_FPS                                   0x200000c4   Data           1  display.o(.data)
    setting                                  0x20000124   Data           2  menu.o(.data)
    milliseconds                             0x20000128   Data           4  millis.o(.data)
    update                                   0x20000160   Data           1  time.o(.data)
    timeDate                                 0x20000161   Data           8  time.o(.data)
    iAng                                     0x20000190   Data           1  tunemaker.o(.data)
    x1                                       0x20000191   Data           1  tunemaker.o(.data)
    x2                                       0x20000192   Data           1  tunemaker.o(.data)
    y1                                       0x20000193   Data           1  tunemaker.o(.data)
    y2                                       0x20000194   Data           1  tunemaker.o(.data)
    Cnt                                      0x20000198   Data           4  tunemaker.o(.data)
    Cntv                                     0x2000019c   Data           4  tunemaker.o(.data)
    keep_on                                  0x200001a0   Data           1  pwrmgr.o(.data)
    new_line_flag                            0x200001aa   Data           1  gui_log_console.o(.data)
    LOOP_SHOW_MD                             0x200001ab   Data           1  gui_log_console.o(.data)
    NEW_LINE_AMI                             0x200001ac   Data           1  gui_log_console.o(.data)
    r_off_set                                0x200001af   Data           1  gui_log_console.o(.data)
    r_kee                                    0x200001b0   Data           1  gui_log_console.o(.data)
    now_str_length                           0x200001b2   Data           1  gui_log_console.o(.data)
    pix_show_idx                             0x200001b4   Data           2  gui_log_console.o(.data)
    Usart2_RxCompleted                       0x200001b6   Data           1  usart2.o(.data)
    Usart2_RxCounter                         0x200001b8   Data           4  usart2.o(.data)
    is_wifi_data_start                       0x200001bc   Data           1  wait_data_clock.o(.data)
    wifi_time_cnt                            0x200001bd   Data           1  wait_data_clock.o(.data)
    CMD_S                                    0x200001c0   Data          10  wifi.o(.data)
    log_first                                0x200001ca   Data           1  wifi_task.o(.data)
    time                                     0x200001cc   Data           2  wifi_task.o(.data)
    cmd_finish                               0x200001d0   Data           1  wifi_cmd_task.o(.data)
    skip_aim_flag                            0x200001d1   Data           1  wifi_cmd_task.o(.data)
    clang                                    0x200001e4   Data           4  txt_viewer.o(.data)
    __microlib_freelist                      0x20000218   Data           4  mvars.o(.data)
    __microlib_freelist_initialised          0x2000021c   Data           4  mvars.o(.data)
    oledBuffer                               0x20000224   Data        1024  lcd.o(.bss)
    appConfig                                0x20000a30   Data          12  appconfig.o(.bss)
    menuData                                 0x20000a88   Data          36  menu.o(.bss)
    vert                                     0x20000ab5   Data          24  tunemaker.o(.bss)
    OLED_GRAM                                0x20000acd   Data         512  tunemaker.o(.bss)
    string_buff                              0x20000ccd   Data         600  gui_log_console.o(.bss)
    firststr_buff                            0x20000f25   Data         512  gui_log_console.o(.bss)
    Usart2_RxBuff                            0x20001128   Data        1024  usart2.o(.bss)
    USART2_TxBuff                            0x20001528   Data        1024  usart2.o(.bss)
    Data_buff                                0x20001928   Data        1024  wifi.o(.bss)
    txtViewer                                0x20002128   Data          60  txt_viewer.o(.bss)
    cmd_parser                               0x20002164   Data         148  cmd_parser.o(.bss)
    ps_pcb                                   0x200021f8   Data          68  cmd_parser.o(.bss)
    kill_pcb                                 0x2000223c   Data          68  cmd_parser.o(.bss)
    __heap_base                              0x20002280   Data           0  startup_stm32f10x_md.o(HEAP)
    __heap_limit                             0x20002480   Data           0  startup_stm32f10x_md.o(HEAP)
    __initial_sp                             0x20002880   Data           0  startup_stm32f10x_md.o(STACK)



==============================================================================

Memory Map of the image

  Image Entry point : 0x080000ed

  Load Region LR_IROM1 (Base: 0x08000000, Size: 0x0000cf04, Max: 0x00010000, ABSOLUTE, COMPRESSED[0x0000cd48])

    Execution Region ER_IROM1 (Exec base: 0x08000000, Load base: 0x08000000, Size: 0x0000cce0, Max: 0x00010000, ABSOLUTE)

    Exec Addr    Load Addr    Size         Type   Attr      Idx    E Section Name        Object

    0x08000000   0x08000000   0x000000ec   Data   RO          642    RESET               startup_stm32f10x_md.o
    0x080000ec   0x080000ec   0x00000000   Code   RO         1471  * .ARM.Collect$$$$00000000  mc_w.l(entry.o)
    0x080000ec   0x080000ec   0x00000004   Code   RO         1840    .ARM.Collect$$$$00000001  mc_w.l(entry2.o)
    0x080000f0   0x080000f0   0x00000004   Code   RO         1843    .ARM.Collect$$$$00000004  mc_w.l(entry5.o)
    0x080000f4   0x080000f4   0x00000000   Code   RO         1845    .ARM.Collect$$$$00000008  mc_w.l(entry7b.o)
    0x080000f4   0x080000f4   0x00000000   Code   RO         1847    .ARM.Collect$$$$0000000A  mc_w.l(entry8b.o)
    0x080000f4   0x080000f4   0x00000008   Code   RO         1848    .ARM.Collect$$$$0000000B  mc_w.l(entry9a.o)
    0x080000fc   0x080000fc   0x00000000   Code   RO         1850    .ARM.Collect$$$$0000000D  mc_w.l(entry10a.o)
    0x080000fc   0x080000fc   0x00000000   Code   RO         1852    .ARM.Collect$$$$0000000F  mc_w.l(entry11a.o)
    0x080000fc   0x080000fc   0x00000004   Code   RO         1841    .ARM.Collect$$$$00002712  mc_w.l(entry2.o)
    0x08000100   0x08000100   0x00000148   Code   RO            1    .text               main.o
    0x08000248   0x08000248   0x00000012   Code   RO          352    .text               stm32f10x_it.o
    0x0800025a   0x0800025a   0x00000002   PAD
    0x0800025c   0x0800025c   0x00000158   Code   RO          393    .text               system_stm32f10x.o
    0x080003b4   0x080003b4   0x00000148   Code   RO          411    .text               led.o
    0x080004fc   0x080004fc   0x00000078   Code   RO          446    .text               lcd.o
    0x08000574   0x08000574   0x000001a8   Code   RO          504    .text               beep.o
    0x0800071c   0x0800071c   0x00000340   Code   RO          518    .text               mpu_task.o
    0x08000a5c   0x08000a5c   0x00000098   Code   RO          573    .text               delay.o
    0x08000af4   0x08000af4   0x00000138   Code   RO          604    .text               usart.o
    0x08000c2c   0x08000c2c   0x00000024   Code   RO          643    .text               startup_stm32f10x_md.o
    0x08000c50   0x08000c50   0x00000264   Code   RO          647    .text               stm32f10x_gpio.o
    0x08000eb4   0x08000eb4   0x000002b8   Code   RO          659    .text               stm32f10x_rcc.o
    0x0800116c   0x0800116c   0x00000328   Code   RO          673    .text               stm32f10x_usart.o
    0x08001494   0x08001494   0x000000b0   Code   RO          685    .text               misc.o
    0x08001544   0x08001544   0x00000af0   Code   RO          697    .text               stm32f10x_tim.o
    0x08002034   0x08002034   0x00000278   Code   RO          746    .text               alarm.o
    0x080022ac   0x080022ac   0x00000404   Code   RO          761    .text               alarms.o
    0x080026b0   0x080026b0   0x000000c8   Code   RO          775    .text               animation.o
    0x08002778   0x08002778   0x00000024   Code   RO          789    .text               appconfig.o
    0x0800279c   0x0800279c   0x0000020c   Code   RO          808    .text               buttons.o
    0x080029a8   0x080029a8   0x00000168   Code   RO          824    .text               diag.o
    0x08002b10   0x08002b10   0x0000021c   Code   RO          838    .text               display.o
    0x08002d2c   0x08002d2c   0x00000448   Code   RO          853    .text               draw.o
    0x08003174   0x08003174   0x00000564   Code   RO          869    .text               game1.o
    0x080036d8   0x080036d8   0x00000428   Code   RO          886    .text               game2.o
    0x08003b00   0x08003b00   0x000000cc   Code   RO          908    .text               games.o
    0x08003bcc   0x08003bcc   0x00000018   Code   RO          922    .text               global.o
    0x08003be4   0x08003be4   0x00000268   Code   RO          934    .text               m_display.o
    0x08003e4c   0x08003e4c   0x00000188   Code   RO          949    .text               m_main.o
    0x08003fd4   0x08003fd4   0x0000041c   Code   RO          963    .text               menu.o
    0x080043f0   0x080043f0   0x000000cc   Code   RO          985    .text               millis.o
    0x080044bc   0x080044bc   0x0000047c   Code   RO         1004    .text               normal.o
    0x08004938   0x08004938   0x00000100   Code   RO         1068    .text               settings.o
    0x08004a38   0x08004a38   0x000000e8   Code   RO         1082    .text               sleep.o
    0x08004b20   0x08004b20   0x0000015c   Code   RO         1096    .text               sound.o
    0x08004c7c   0x08004c7c   0x00000210   Code   RO         1110    .text               stopwatch.o
    0x08004e8c   0x08004e8c   0x000001d4   Code   RO         1124    .text               time.o
    0x08005060   0x08005060   0x0000044c   Code   RO         1145    .text               timedate.o
    0x080054ac   0x080054ac   0x000000b4   Code   RO         1159    .text               torch.o
    0x08005560   0x08005560   0x00000070   Code   RO         1173    .text               tune.o
    0x080055d0   0x080055d0   0x0000038c   Code   RO         1187    .text               tunemaker.o
    0x0800595c   0x0800595c   0x0000001c   Code   RO         1224    .text               ui.o
    0x08005978   0x08005978   0x00000070   Code   RO         1236    .text               pwrmgr.o
    0x080059e8   0x080059e8   0x00000004   Code   RO         1251    .text               oled_basic.o
    0x080059ec   0x080059ec   0x0000000e   Code   RO         1263    .text               oled_config.o
    0x080059fa   0x080059fa   0x00000002   PAD
    0x080059fc   0x080059fc   0x00000294   Code   RO         1275    .text               oled_driver.o
    0x08005c90   0x08005c90   0x000002fc   Code   RO         1287    .text               gui_log_console.o
    0x08005f8c   0x08005f8c   0x00000160   Code   RO         1312    .text               usart2.o
    0x080060ec   0x080060ec   0x00000054   Code   RO         1333    .text               wait_data_clock.o
    0x08006140   0x08006140   0x00000170   Code   RO         1348    .text               wifi.o
    0x080062b0   0x080062b0   0x0000016c   Code   RO         1374    .text               wifi_task.o
    0x0800641c   0x0800641c   0x00000244   Code   RO         1390    .text               wifi_cmd_task.o
    0x08006660   0x08006660   0x00001c58   Code   RO         1406    .text               txt_viewer.o
    0x080082b8   0x080082b8   0x00000528   Code   RO         1438    .text               cmd_parser.o
    0x080087e0   0x080087e0   0x00000024   Code   RO         1474    .text               mc_w.l(rand.o)
    0x08008804   0x08008804   0x00000024   Code   RO         1477    .text               mc_w.l(memcpya.o)
    0x08008828   0x08008828   0x00000024   Code   RO         1479    .text               mc_w.l(memseta.o)
    0x0800884c   0x0800884c   0x00000018   Code   RO         1481    .text               mc_w.l(strcat.o)
    0x08008864   0x08008864   0x00000024   Code   RO         1483    .text               mc_w.l(strstr.o)
    0x08008888   0x08008888   0x0000000e   Code   RO         1485    .text               mc_w.l(strlen.o)
    0x08008896   0x08008896   0x00000012   Code   RO         1487    .text               mc_w.l(strcpy.o)
    0x080088a8   0x080088a8   0x0000001c   Code   RO         1780    .text               mc_w.l(calloc.o)
    0x080088c4   0x080088c4   0x0000001a   Code   RO         1782    .text               mc_w.l(atoi.o)
    0x080088de   0x080088de   0x000000b0   Code   RO         1784    .text               mf_w.l(fadd.o)
    0x0800898e   0x0800898e   0x0000007c   Code   RO         1786    .text               mf_w.l(fdiv.o)
    0x08008a0a   0x08008a0a   0x00000018   Code   RO         1788    .text               mf_w.l(fscalb.o)
    0x08008a22   0x08008a22   0x0000014e   Code   RO         1790    .text               mf_w.l(dadd.o)
    0x08008b70   0x08008b70   0x000000e4   Code   RO         1792    .text               mf_w.l(dmul.o)
    0x08008c54   0x08008c54   0x0000002e   Code   RO         1794    .text               mf_w.l(dscalb.o)
    0x08008c82   0x08008c82   0x00000012   Code   RO         1796    .text               mf_w.l(fflti.o)
    0x08008c94   0x08008c94   0x0000000a   Code   RO         1798    .text               mf_w.l(ffltui.o)
    0x08008c9e   0x08008c9e   0x00000028   Code   RO         1800    .text               mf_w.l(ffixui.o)
    0x08008cc6   0x08008cc6   0x00000032   Code   RO         1802    .text               mf_w.l(dfixui.o)
    0x08008cf8   0x08008cf8   0x00000026   Code   RO         1804    .text               mf_w.l(f2d.o)
    0x08008d1e   0x08008d1e   0x00000038   Code   RO         1806    .text               mf_w.l(d2f.o)
    0x08008d56   0x08008d56   0x00000002   PAD
    0x08008d58   0x08008d58   0x00000014   Code   RO         1808    .text               mf_w.l(cfcmple.o)
    0x08008d6c   0x08008d6c   0x00000014   Code   RO         1810    .text               mf_w.l(cfrcmple.o)
    0x08008d80   0x08008d80   0x0000002c   Code   RO         1854    .text               mc_w.l(uidiv.o)
    0x08008dac   0x08008dac   0x00000062   Code   RO         1856    .text               mc_w.l(uldiv.o)
    0x08008e0e   0x08008e0e   0x0000001e   Code   RO         1858    .text               mc_w.l(llshl.o)
    0x08008e2c   0x08008e2c   0x00000020   Code   RO         1860    .text               mc_w.l(llushr.o)
    0x08008e4c   0x08008e4c   0x00000024   Code   RO         1862    .text               mc_w.l(llsshr.o)
    0x08008e70   0x08008e70   0x00000070   Code   RO         1873    .text               mc_w.l(strtol.o)
    0x08008ee0   0x08008ee0   0x00000000   Code   RO         1875    .text               mc_w.l(iusefp.o)
    0x08008ee0   0x08008ee0   0x0000006e   Code   RO         1876    .text               mf_w.l(fepilogue.o)
    0x08008f4e   0x08008f4e   0x000000ba   Code   RO         1878    .text               mf_w.l(depilogue.o)
    0x08009008   0x08009008   0x000000de   Code   RO         1880    .text               mf_w.l(ddiv.o)
    0x080090e6   0x080090e6   0x00000030   Code   RO         1882    .text               mf_w.l(dfixul.o)
    0x08009116   0x08009116   0x00000002   PAD
    0x08009118   0x08009118   0x00000030   Code   RO         1884    .text               mf_w.l(cdrcmple.o)
    0x08009148   0x08009148   0x00000024   Code   RO         1890    .text               mc_w.l(init.o)
    0x0800916c   0x0800916c   0x00000008   Code   RO         1892    .text               mc_w.l(ctype_o.o)
    0x08009174   0x08009174   0x0000009e   Code   RO         1920    .text               mc_w.l(_strtoul.o)
    0x08009212   0x08009212   0x00000022   Code   RO         1922    .text               mf_w.l(dflti.o)
    0x08009234   0x08009234   0x0000001a   Code   RO         1924    .text               mf_w.l(dfltui.o)
    0x0800924e   0x0800924e   0x0000003e   Code   RO         1926    .text               mf_w.l(dfixi.o)
    0x0800928c   0x0800928c   0x0000001c   Code   RO         1928    .text               mc_w.l(_chval.o)
    0x080092a8   0x080092a8   0x00000056   Code   RO         1938    .text               mc_w.l(__dczerorl2.o)
    0x080092fe   0x080092fe   0x00000002   PAD
    0x08009300   0x08009300   0x00000028   Code   RO         1726    i.__0sprintf        mc_w.l(printfa.o)
    0x08009328   0x08009328   0x00000024   Code   RO         1730    i.__0vsprintf       mc_w.l(printfa.o)
    0x0800934c   0x0800934c   0x00000028   Code   RO         1886    i.__ARM_fpclassify  m_ws.l(fpclassify.o)
    0x08009374   0x08009374   0x00000008   Code   RO         1866    i.__aeabi_errno_addr  mc_w.l(errno.o)
    0x0800937c   0x0800937c   0x00000388   Code   RO         1829    i.__ieee754_rem_pio2  m_ws.l(rred.o)
    0x08009704   0x08009704   0x000000fc   Code   RO         1812    i.__kernel_cos      m_ws.l(cos_i.o)
    0x08009800   0x08009800   0x000000aa   Code   RO         1888    i.__kernel_poly     m_ws.l(poly.o)
    0x080098aa   0x080098aa   0x00000002   PAD
    0x080098ac   0x080098ac   0x000000ec   Code   RO         1834    i.__kernel_sin      m_ws.l(sin_i.o)
    0x08009998   0x08009998   0x00000006   Code   RO         1816    i.__mathlib_dbl_infnan  m_ws.l(dunder.o)
    0x0800999e   0x0800999e   0x0000000c   Code   RO         1818    i.__mathlib_dbl_invalid  m_ws.l(dunder.o)
    0x080099aa   0x080099aa   0x00000002   PAD
    0x080099ac   0x080099ac   0x00000010   Code   RO         1821    i.__mathlib_dbl_underflow  m_ws.l(dunder.o)
    0x080099bc   0x080099bc   0x0000000e   Code   RO         1932    i.__scatterload_copy  mc_w.l(handlers.o)
    0x080099ca   0x080099ca   0x00000002   Code   RO         1933    i.__scatterload_null  mc_w.l(handlers.o)
    0x080099cc   0x080099cc   0x0000000e   Code   RO         1934    i.__scatterload_zeroinit  mc_w.l(handlers.o)
    0x080099da   0x080099da   0x00000002   PAD
    0x080099dc   0x080099dc   0x0000000c   Code   RO         1868    i.__set_errno       mc_w.l(errno.o)
    0x080099e8   0x080099e8   0x00000184   Code   RO         1731    i._fp_digits        mc_w.l(printfa.o)
    0x08009b6c   0x08009b6c   0x000006dc   Code   RO         1732    i._printf_core      mc_w.l(printfa.o)
    0x0800a248   0x0800a248   0x00000024   Code   RO         1733    i._printf_post_padding  mc_w.l(printfa.o)
    0x0800a26c   0x0800a26c   0x0000002e   Code   RO         1734    i._printf_pre_padding  mc_w.l(printfa.o)
    0x0800a29a   0x0800a29a   0x0000000a   Code   RO         1736    i._sputc            mc_w.l(printfa.o)
    0x0800a2a4   0x0800a2a4   0x00000050   Code   RO         1752    i.free              mc_w.l(malloc.o)
    0x0800a2f4   0x0800a2f4   0x0000006c   Code   RO         1753    i.malloc            mc_w.l(malloc.o)
    0x0800a360   0x0800a360   0x000000a0   Code   RO         1464    i.sin               m_ws.l(sin.o)
    0x0800a400   0x0800a400   0x0000000c   Data   RO            2    .constdata          main.o
    0x0800a40c   0x0800a40c   0x00000008   Data   RO            3    .constdata          main.o
    0x0800a414   0x0800a414   0x00000011   Data   RO          871    .constdata          game1.o
    0x0800a425   0x0800a425   0x00000026   Data   RO          888    .constdata          game2.o
    0x0800a44b   0x0800a44b   0x00000005   Data   RO          965    .constdata          menu.o
    0x0800a450   0x0800a450   0x00000008   Data   RO         1017    .constdata          resources.o
    0x0800a458   0x0800a458   0x0000001c   Data   RO         1018    .constdata          resources.o
    0x0800a474   0x0800a474   0x00000030   Data   RO         1019    .constdata          resources.o
    0x0800a4a4   0x0800a4a4   0x00000007   Data   RO         1020    .constdata          resources.o
    0x0800a4ab   0x0800a4ab   0x00000008   Data   RO         1021    .constdata          resources.o
    0x0800a4b3   0x0800a4b3   0x00000080   Data   RO         1023    .constdata          resources.o
    0x0800a533   0x0800a533   0x00000080   Data   RO         1024    .constdata          resources.o
    0x0800a5b3   0x0800a5b3   0x00000080   Data   RO         1025    .constdata          resources.o
    0x0800a633   0x0800a633   0x00000080   Data   RO         1026    .constdata          resources.o
    0x0800a6b3   0x0800a6b3   0x00000080   Data   RO         1027    .constdata          resources.o
    0x0800a733   0x0800a733   0x00000200   Data   RO         1028    .constdata          resources.o
    0x0800a933   0x0800a933   0x00000100   Data   RO         1029    .constdata          resources.o
    0x0800aa33   0x0800aa33   0x00000080   Data   RO         1030    .constdata          resources.o
    0x0800aab3   0x0800aab3   0x00000100   Data   RO         1031    .constdata          resources.o
    0x0800abb3   0x0800abb3   0x00000200   Data   RO         1032    .constdata          resources.o
    0x0800adb3   0x0800adb3   0x00000080   Data   RO         1033    .constdata          resources.o
    0x0800ae33   0x0800ae33   0x00000080   Data   RO         1034    .constdata          resources.o
    0x0800aeb3   0x0800aeb3   0x00000080   Data   RO         1035    .constdata          resources.o
    0x0800af33   0x0800af33   0x00000010   Data   RO         1036    .constdata          resources.o
    0x0800af43   0x0800af43   0x00000010   Data   RO         1039    .constdata          resources.o
    0x0800af53   0x0800af53   0x00000008   Data   RO         1041    .constdata          resources.o
    0x0800af5b   0x0800af5b   0x000001e5   Data   RO         1042    .constdata          resources.o
    0x0800b140   0x0800b140   0x0000023a   Data   RO         1043    .constdata          resources.o
    0x0800b37a   0x0800b37a   0x000000dc   Data   RO         1044    .constdata          resources.o
    0x0800b456   0x0800b456   0x00000012   Data   RO         1045    .constdata          resources.o
    0x0800b468   0x0800b468   0x00000024   Data   RO         1046    .constdata          resources.o
    0x0800b48c   0x0800b48c   0x00000024   Data   RO         1047    .constdata          resources.o
    0x0800b4b0   0x0800b4b0   0x00000080   Data   RO         1048    .constdata          resources.o
    0x0800b530   0x0800b530   0x00000080   Data   RO         1049    .constdata          resources.o
    0x0800b5b0   0x0800b5b0   0x00000080   Data   RO         1050    .constdata          resources.o
    0x0800b630   0x0800b630   0x00000080   Data   RO         1051    .constdata          resources.o
    0x0800b6b0   0x0800b6b0   0x00000080   Data   RO         1052    .constdata          resources.o
    0x0800b730   0x0800b730   0x00000080   Data   RO         1053    .constdata          resources.o
    0x0800b7b0   0x0800b7b0   0x00000080   Data   RO         1054    .constdata          resources.o
    0x0800b830   0x0800b830   0x00000080   Data   RO         1055    .constdata          resources.o
    0x0800b8b0   0x0800b8b0   0x0000000c   Data   RO         1126    .constdata          time.o
    0x0800b8bc   0x0800b8bc   0x00001140   Data   RO         1189    .constdata          tunemaker.o
    0x0800c9fc   0x0800c9fc   0x00000010   Data   RO         1210    .constdata          tunes.o
    0x0800ca0c   0x0800ca0c   0x00000010   Data   RO         1211    .constdata          tunes.o
    0x0800ca1c   0x0800ca1c   0x00000010   Data   RO         1212    .constdata          tunes.o
    0x0800ca2c   0x0800ca2c   0x00000007   Data   RO         1408    .constdata          txt_viewer.o
    0x0800ca33   0x0800ca33   0x00000005   PAD
    0x0800ca38   0x0800ca38   0x00000030   Data   RO         1813    .constdata          m_ws.l(cos_i.o)
    0x0800ca68   0x0800ca68   0x000000c8   Data   RO         1831    .constdata          m_ws.l(rred.o)
    0x0800cb30   0x0800cb30   0x00000028   Data   RO         1835    .constdata          m_ws.l(sin_i.o)
    0x0800cb58   0x0800cb58   0x00000081   Data   RO         1893    .constdata          mc_w.l(ctype_o.o)
    0x0800cbd9   0x0800cbd9   0x00000003   PAD
    0x0800cbdc   0x0800cbdc   0x00000004   Data   RO         1894    .constdata          mc_w.l(ctype_o.o)
    0x0800cbe0   0x0800cbe0   0x000000dc   Data   RO         1409    .conststring        txt_viewer.o
    0x0800ccbc   0x0800ccbc   0x00000003   Data   RO         1440    .conststring        cmd_parser.o
    0x0800ccbf   0x0800ccbf   0x00000001   PAD
    0x0800ccc0   0x0800ccc0   0x00000020   Data   RO         1930    Region$$Table       anon$$obj.o


    Execution Region RW_IRAM1 (Exec base: 0x20000000, Load base: 0x0800cce0, Size: 0x00002880, Max: 0x00005000, ABSOLUTE, COMPRESSED[0x00000068])

    Exec Addr    Load Addr    Size         Type   Attr      Idx    E Section Name        Object

    0x20000000   COMPRESSED   0x00000001   Data   RW            4    .data               main.o
    0x20000001   COMPRESSED   0x00000003   PAD
    0x20000004   COMPRESSED   0x00000014   Data   RW          394    .data               system_stm32f10x.o
    0x20000018   COMPRESSED   0x00000014   Data   RW          412    .data               led.o
    0x2000002c   COMPRESSED   0x0000000c   Data   RW          505    .data               beep.o
    0x20000038   COMPRESSED   0x0000001c   Data   RW          520    .data               mpu_task.o
    0x20000054   COMPRESSED   0x00000004   Data   RW          574    .data               delay.o
    0x20000058   COMPRESSED   0x00000001   Data   RW          607    .data               usart.o
    0x20000059   COMPRESSED   0x00000014   Data   RW          660    .data               stm32f10x_rcc.o
    0x2000006d   COMPRESSED   0x00000003   PAD
    0x20000070   COMPRESSED   0x00000032   Data   RW          747    .data               alarm.o
    0x200000a2   COMPRESSED   0x00000002   PAD
    0x200000a4   COMPRESSED   0x00000010   Data   RW          762    .data               alarms.o
    0x200000b4   COMPRESSED   0x00000008   Data   RW          810    .data               buttons.o
    0x200000bc   COMPRESSED   0x00000008   Data   RW          825    .data               diag.o
    0x200000c4   COMPRESSED   0x00000016   Data   RW          839    .data               display.o
    0x200000da   COMPRESSED   0x00000002   PAD
    0x200000dc   COMPRESSED   0x00000014   Data   RW          872    .data               game1.o
    0x200000f0   COMPRESSED   0x00000014   Data   RW          889    .data               game2.o
    0x20000104   COMPRESSED   0x00000008   Data   RW          909    .data               games.o
    0x2000010c   COMPRESSED   0x00000008   Data   RW          935    .data               m_display.o
    0x20000114   COMPRESSED   0x00000008   Data   RW          950    .data               m_main.o
    0x2000011c   COMPRESSED   0x00000008   Data   RW          966    .data               menu.o
    0x20000124   COMPRESSED   0x00000002   Data   RW          967    .data               menu.o
    0x20000126   COMPRESSED   0x00000002   PAD
    0x20000128   COMPRESSED   0x00000004   Data   RW          986    .data               millis.o
    0x2000012c   COMPRESSED   0x0000000d   Data   RW         1005    .data               normal.o
    0x20000139   COMPRESSED   0x00000003   PAD
    0x2000013c   COMPRESSED   0x00000008   Data   RW         1069    .data               settings.o
    0x20000144   COMPRESSED   0x00000008   Data   RW         1083    .data               sleep.o
    0x2000014c   COMPRESSED   0x00000008   Data   RW         1097    .data               sound.o
    0x20000154   COMPRESSED   0x0000000c   Data   RW         1111    .data               stopwatch.o
    0x20000160   COMPRESSED   0x00000009   Data   RW         1127    .data               time.o
    0x20000169   COMPRESSED   0x00000003   PAD
    0x2000016c   COMPRESSED   0x00000014   Data   RW         1146    .data               timedate.o
    0x20000180   COMPRESSED   0x00000008   Data   RW         1160    .data               torch.o
    0x20000188   COMPRESSED   0x00000008   Data   RW         1174    .data               tune.o
    0x20000190   COMPRESSED   0x00000010   Data   RW         1190    .data               tunemaker.o
    0x200001a0   COMPRESSED   0x00000009   Data   RW         1237    .data               pwrmgr.o
    0x200001a9   COMPRESSED   0x00000001   PAD
    0x200001aa   COMPRESSED   0x0000000c   Data   RW         1290    .data               gui_log_console.o
    0x200001b6   COMPRESSED   0x00000001   Data   RW         1314    .data               usart2.o
    0x200001b7   COMPRESSED   0x00000001   PAD
    0x200001b8   COMPRESSED   0x00000004   Data   RW         1315    .data               usart2.o
    0x200001bc   COMPRESSED   0x00000002   Data   RW         1334    .data               wait_data_clock.o
    0x200001be   COMPRESSED   0x0000000c   Data   RW         1355    .data               wifi.o
    0x200001ca   COMPRESSED   0x00000004   Data   RW         1375    .data               wifi_task.o
    0x200001ce   COMPRESSED   0x00000002   PAD
    0x200001d0   COMPRESSED   0x0000000c   Data   RW         1391    .data               wifi_cmd_task.o
    0x200001dc   COMPRESSED   0x0000002c   Data   RW         1410    .data               txt_viewer.o
    0x20000208   COMPRESSED   0x0000000c   Data   RW         1441    .data               cmd_parser.o
    0x20000214   COMPRESSED   0x00000004   Data   RW         1475    .data               mc_w.l(rand.o)
    0x20000218   COMPRESSED   0x00000004   Data   RW         1864    .data               mc_w.l(mvars.o)
    0x2000021c   COMPRESSED   0x00000004   Data   RW         1865    .data               mc_w.l(mvars.o)
    0x20000220   COMPRESSED   0x00000004   Data   RW         1869    .data               mc_w.l(errno.o)
    0x20000224        -       0x00000400   Zero   RW          447    .bss                lcd.o
    0x20000624        -       0x00000400   Zero   RW          519    .bss                mpu_task.o
    0x20000a24        -       0x0000000c   Zero   RW          776    .bss                animation.o
    0x20000a30        -       0x0000000c   Zero   RW          790    .bss                appconfig.o
    0x20000a3c        -       0x00000030   Zero   RW          809    .bss                buttons.o
    0x20000a6c        -       0x00000010   Zero   RW          870    .bss                game1.o
    0x20000a7c        -       0x00000009   Zero   RW          887    .bss                game2.o
    0x20000a85   COMPRESSED   0x00000003   PAD
    0x20000a88        -       0x00000024   Zero   RW          964    .bss                menu.o
    0x20000aac        -       0x00000009   Zero   RW         1125    .bss                time.o
    0x20000ab5        -       0x00000218   Zero   RW         1188    .bss                tunemaker.o
    0x20000ccd        -       0x00000458   Zero   RW         1288    .bss                gui_log_console.o
    0x20001125   COMPRESSED   0x00000003   PAD
    0x20001128        -       0x00000800   Zero   RW         1313    .bss                usart2.o
    0x20001928        -       0x00000400   Zero   RW         1349    .bss                wifi.o
    0x20001d28        -       0x0000043c   Zero   RW         1407    .bss                txt_viewer.o
    0x20002164        -       0x0000011c   Zero   RW         1439    .bss                cmd_parser.o
    0x20002280        -       0x00000200   Zero   RW          641    HEAP                startup_stm32f10x_md.o
    0x20002480        -       0x00000400   Zero   RW          640    STACK               startup_stm32f10x_md.o


==============================================================================

Image component sizes


      Code (inc. data)   RO Data    RW Data    ZI Data      Debug   Object Name

       632         32          0         50          0       3939   alarm.o
      1028        118          0         16          0       3926   alarms.o
       200         10          0          0         12       1736   animation.o
        36          4          0          0         12       1394   appconfig.o
       424         18          0         12          0       2597   beep.o
       524         38          0          8         48       3739   buttons.o
      1320        178          3         12        284       8101   cmd_parser.o
       152         14          0          4          0       1087   delay.o
       360        142          0          8          0       1768   diag.o
       540         18          0         22          0       3344   display.o
      1096          8          0          0          0       7417   draw.o
      1380        200         17         20         16       4144   game1.o
      1064         94         38         20          9       3302   game2.o
       204         84          0          8          0       1321   games.o
        24          0          0          0          0        876   global.o
       764         24          0         12       1112       5109   gui_log_console.o
       120         10          0          0       1024       1475   lcd.o
       328         24          0         20          0       3706   led.o
       616        168          0          8          0       2694   m_display.o
       392        186          0          8          0       1500   m_main.o
       328         66         20          1          0     257772   main.o
      1052         54          5         10         36       7444   menu.o
       204         18          0          4          0       1148   millis.o
       176         14          0          0          0       1905   misc.o
       832         88          0         28       1024       6029   mpu_task.o
      1148         96          0         13          0       3463   normal.o
         4          0          0          0          0        432   oled_basic.o
        14          0          0          0          0        477   oled_config.o
       660         10          0          0          0       2087   oled_driver.o
       112          4          0          9          0       1988   pwrmgr.o
         0          0       5216          0          0       2545   resources.o
       256        124          0          8          0        952   settings.o
       232         70          0          8          0       1609   sleep.o
       348         88          0          8          0       2061   sound.o
        36          8        236          0       1536        792   startup_stm32f10x_md.o
       612         36          0          0          0       6033   stm32f10x_gpio.o
        18          0          0          0          0       1162   stm32f10x_it.o
       696         32          0         20          0       9016   stm32f10x_rcc.o
      2800         84          0          0          0      23970   stm32f10x_tim.o
       808         22          0          0          0       8900   stm32f10x_usart.o
       528         44          0         12          0       2239   stopwatch.o
         0          0          0          0          0         32   sys.o
       344         34          0         20          0       1787   system_stm32f10x.o
       468         36         12          9          9       3843   time.o
      1100        172          0         20          0       4308   timedate.o
       180         24          0          8          0       1189   torch.o
       112          8          0          8          0       1478   tune.o
       908         82       4416         16        536       3710   tunemaker.o
         0          0         48          0          0        835   tunes.o
      7256        526        227         44       1084      24975   txt_viewer.o
        28          4          0          0          0        466   ui.o
       312         30          0          1          0       3118   usart.o
       352         28          0          5       2048       2341   usart2.o
        84         20          0          2          0        827   wait_data_clock.o
       368         42          0         12       1024       3653   wifi.o
       580        222          0         12          0       2856   wifi_cmd_task.o
       364        100          0          4          0       1622   wifi_task.o

    ----------------------------------------------------------------------
     34528       3556      10276        532       9820     462239   Object Totals
         0          0         32          0          0          0   (incl. Generated)
         4          0          6         22          6          0   (incl. Padding)

    ----------------------------------------------------------------------

      Code (inc. data)   RO Data    RW Data    ZI Data      Debug   Library Member Name

       252         22         48          0          0        124   cos_i.o
        34          6          0          0          0        204   dunder.o
        40          0          0          0          0         68   fpclassify.o
       170          0          0          0          0         96   poly.o
       904         76        200          0          0        140   rred.o
       160         10          0          0          0        108   sin.o
       236         12         40          0          0        128   sin_i.o
        86          0          0          0          0          0   __dczerorl2.o
        28          0          0          0          0         68   _chval.o
       158          0          0          0          0         92   _strtoul.o
        26          0          0          0          0         80   atoi.o
        28          0          0          0          0         76   calloc.o
         8          4        133          0          0         68   ctype_o.o
         0          0          0          0          0          0   entry.o
         0          0          0          0          0          0   entry10a.o
         0          0          0          0          0          0   entry11a.o
         8          4          0          0          0          0   entry2.o
         4          0          0          0          0          0   entry5.o
         0          0          0          0          0          0   entry7b.o
         0          0          0          0          0          0   entry8b.o
         8          4          0          0          0          0   entry9a.o
        20         10          0          4          0        136   errno.o
        30          0          0          0          0          0   handlers.o
        36          8          0          0          0         68   init.o
         0          0          0          0          0          0   iusefp.o
        30          0          0          0          0         68   llshl.o
        36          0          0          0          0         68   llsshr.o
        32          0          0          0          0         68   llushr.o
       188         20          0          0          0        160   malloc.o
        36          0          0          0          0         68   memcpya.o
        36          0          0          0          0        108   memseta.o
         0          0          0          8          0          0   mvars.o
      2312         92          0          0          0        600   printfa.o
        36         10          0          4          0        136   rand.o
        24          0          0          0          0         68   strcat.o
        18          0          0          0          0         68   strcpy.o
        14          0          0          0          0         68   strlen.o
        36          0          0          0          0         80   strstr.o
       112          0          0          0          0         88   strtol.o
        44          0          0          0          0         80   uidiv.o
        98          0          0          0          0         92   uldiv.o
        48          0          0          0          0         68   cdrcmple.o
        20          0          0          0          0         68   cfcmple.o
        20          0          0          0          0         68   cfrcmple.o
        56          0          0          0          0         88   d2f.o
       334          0          0          0          0        148   dadd.o
       222          0          0          0          0        100   ddiv.o
       186          0          0          0          0        176   depilogue.o
        62          0          0          0          0         80   dfixi.o
        50          0          0          0          0         76   dfixui.o
        48          0          0          0          0         68   dfixul.o
        34          0          0          0          0         76   dflti.o
        26          0          0          0          0         76   dfltui.o
       228          0          0          0          0         96   dmul.o
        46          0          0          0          0         80   dscalb.o
        38          0          0          0          0         68   f2d.o
       176          0          0          0          0        140   fadd.o
       124          0          0          0          0         88   fdiv.o
       110          0          0          0          0        168   fepilogue.o
        40          0          0          0          0         68   ffixui.o
        18          0          0          0          0         68   fflti.o
        10          0          0          0          0         68   ffltui.o
        24          0          0          0          0         68   fscalb.o

    ----------------------------------------------------------------------
      7220        278        424         16          0       5280   Library Totals
        12          0          3          0          0          0   (incl. Padding)

    ----------------------------------------------------------------------

      Code (inc. data)   RO Data    RW Data    ZI Data      Debug   Library Name

      1796        126        288          0          0        868   m_ws.l
      3492        152        133         16          0       2408   mc_w.l
      1920          0          0          0          0       2004   mf_w.l

    ----------------------------------------------------------------------
      7220        278        424         16          0       5280   Library Totals

    ----------------------------------------------------------------------

==============================================================================


      Code (inc. data)   RO Data    RW Data    ZI Data      Debug   

     41748       3834      10700        548       9820     458703   Grand Totals
     41748       3834      10700        104       9820     458703   ELF Image Totals (compressed)
     41748       3834      10700        104          0          0   ROM Totals

==============================================================================

    Total RO  Size (Code + RO Data)                52448 (  51.22kB)
    Total RW  Size (RW Data + ZI Data)             10368 (  10.13kB)
    Total ROM Size (Code + RO Data + RW Data)      52552 (  51.32kB)

==============================================================================

